The request could not be processed["/home/nobel/.asdf/installs/ruby/3.0.1/lib/ruby/gems/3.0.0/gems/curses-1.4.2/lib/curses.rb:33:in `driver'", "/home/nobel/.asdf/installs/ruby/3.0.1/lib/ruby/gems/3.0.0/gems/curses-1.4.2/lib/curses.rb:33:in `down_item'", "/home/nobel/dev/yantrca/ui.rb:66:in `block in reselect_note'", "/home/nobel/dev/yantrca/ui.rb:60:in `each'", "/home/nobel/dev/yantrca/ui.rb:60:in `reselect_note'", "/home/nobel/dev/yantrca/ui.rb:55:in `populate_notes_menu'", "/home/nobel/dev/yantrca/ui.rb:30:in `redraw'", "/home/nobel/dev/yantrca/ui.rb:135:in `get_user_input'", "/home/nobel/dev/yantrca/ui.rb:72:in `wait_for_note_selection_user_input'", "app.rb:24:in `block in <main>'", "app.rb:23:in `loop'", "app.rb:23:in `<main>'"]
